******************************************************************************
               TMS320C6x Linker PC v7.2.3                      
******************************************************************************
>> Linked Mon Apr 23 11:57:50 2018

OUTPUT FILE NAME:   <RingModLab.out>
ENTRY POINT SYMBOL: "_c_int00"  address: 00010340


MEMORY CONFIGURATION

         name            origin    length      used     unused   attr    fill
----------------------  --------  ---------  --------  --------  ----  --------
  IVECS                 00000000   00000220  00000200  00000020  RWIX
  IRAM                  00000220   0002fde0  00010926  0001f4ba  RWIX
  SDRAM                 80000000   01000000  00000000  01000000  RWIX
  FLASH                 90000000   00020000  00000000  00020000  RWIX


SECTION ALLOCATION MAP

 output                                  attributes/
section   page    origin      length       input sections
--------  ----  ----------  ----------   ----------------
.vecs      0    00000000    00000200     
                  00000000    00000200     Vectors_intr.obj (.vecs)

.bss       0    00000220    00000000     UNINITIALIZED

.far       0    00000220    00006c82     UNINITIALIZED
                  00000220    00006a98     RingMod_Main.obj (.far)
                  00006cb8    000000f4     csl6713.lib : csl_irq.obj (.far)
                  00006dac    00000058     c6713dskinit.obj (.far)
                  00006e04    00000038     csl6713.lib : csl_mcbsp.obj (.far)
                  00006e3c    00000028     dsk6713bsl.lib : dsk6713_aic23_registers.obj (.far)
                  00006e64    00000020                    : dsk6713_aic23_setfreq.obj (.far)
                  00006e84    0000000c     rts6700.lib : exit.obj (.far)
                  00006e90    00000008     dsk6713bsl.lib : dsk6713_aic23_opencodec.obj (.far)
                  00006e98    00000008     rts6700.lib : _lock.obj (.far)
                  00006ea0    00000002     dsk6713bsl.lib : dsk6713.obj (.far)

.cinit     0    00006ea8    000066bc     
                  00006ea8    0000642a     RingMod_Main.obj (.cinit)
                  0000d2d2    00000006     --HOLE-- [fill = 0]
                  0000d2d8    0000012c     csl6713.lib : csl_irq.obj (.cinit)
                  0000d404    00000004     --HOLE-- [fill = 0]
                  0000d408    00000058     c6713dskinit.obj (.cinit)
                  0000d460    00000054     csl6713.lib : csl_mcbsp.obj (.cinit)
                  0000d4b4    00000004     --HOLE-- [fill = 0]
                  0000d4b8    00000030     dsk6713bsl.lib : dsk6713_aic23_registers.obj (.cinit)
                  0000d4e8    0000002c     rts6700.lib : exit.obj (.cinit)
                  0000d514    00000004     --HOLE-- [fill = 0]
                  0000d518    00000028     dsk6713bsl.lib : dsk6713_aic23_setfreq.obj (.cinit)
                  0000d540    0000001c     rts6700.lib : _lock.obj (.cinit)
                  0000d55c    00000004     --HOLE-- [fill = 0]
                  0000d560    00000004     (.pad.cinit) [fill = 0]

.text      0    0000d580    00003180     
                  0000d580    000007e0     rts6700.lib : divd.obj (.text:__divd)
                  0000dd60    000007a0     c6713dskinit.obj (.text)
                  0000e500    00000480     dsk6713bsl.lib : dsk6713.obj (.text)
                  0000e980    000003a0     RingMod_Main.obj (.text:retain)
                  0000ed20    00000340     rts6700.lib : frcmpyd_div.obj (.text:__frcmpyd_div)
                  0000f060    00000320     dsk6713bsl.lib : dsk6713_aic23_opencodec.obj (.text)
                  0000f380    00000240     rts6700.lib : memcpy62.obj (.text:_memcpy)
                  0000f5c0    000001c0     csl6713.lib : csl_irq.obj (.text:_IRQ_map)
                  0000f780    000001a0                 : csl_mcbsp.obj (.text:_MCBSP_reset)
                  0000f920    00000160     rts6700.lib : autoinit.obj (.text:__auto_init)
                  0000fa80    00000160     dsk6713bsl.lib : dsk6713_aic23_registers.obj (.text)
                  0000fbe0    00000120     rts6700.lib : exit.obj (.text:_exit)
                  0000fd00    00000100     csl6713.lib : csl_mcbsp.obj (.text:_MCBSP_open)
                  0000fe00    00000100                 : csl_mcbsp.obj (.text:_MCBSP_start)
                  0000ff00    000000e0     rts6700.lib : strasg.obj (.text:__strasg)
                  0000ffe0    000000c0                 : cpy_tbl.obj (.text:_copy_in)
                  000100a0    000000c0     dsk6713bsl.lib : dsk6713_aic23_setfreq.obj (.text)
                  00010160    000000a0     csl6713.lib : csl_mcbsp.obj (.text:_MCBSP_config)
                  00010200    000000a0     rts6700.lib : mpyll.obj (.text:__mpyll)
                  000102a0    000000a0     csl6713.lib : csl_irq.obj (.text:_setMux)
                  00010340    00000080     rts6700.lib : boot.obj (.text:_c_int00)
                  000103c0    00000080     dsk6713bsl.lib : dsk6713_dip.obj (.text)
                  00010440    00000040     RingMod_Main.obj (.text)
                  00010480    00000040     csl6713.lib : csl_irq.obj (.text:_IRQ_enable)
                  000104c0    00000040                 : csl_irq.obj (.text:_IRQ_reset)
                  00010500    00000040     rts6700.lib : divd.obj (.text:___isnan)
                  00010540    00000040                 : args_main.obj (.text:__args_main)
                  00010580    00000020     Vectors_intr.obj (.text)
                  000105a0    00000020     csl6713.lib : csl_irq.obj (.text:_IRQ_globalDisable)
                  000105c0    00000020                 : csl_irq.obj (.text:_IRQ_globalEnable)
                  000105e0    00000020                 : csl_irq.obj (.text:_IRQ_nmiEnable)
                  00010600    00000020                 : csl_mcbsp.obj (.text:_MCBSP_getXmtEventId)
                  00010620    00000020                 : csl_mcbsp.obj (.text:_MCBSP_read)
                  00010640    00000020                 : csl_mcbsp.obj (.text:_MCBSP_rrdy)
                  00010660    00000020                 : csl_mcbsp.obj (.text:_MCBSP_write)
                  00010680    00000020                 : csl_mcbsp.obj (.text:_MCBSP_xrdy)
                  000106a0    00000020     rts6700.lib : _lock.obj (.text:__nop)
                  000106c0    00000020                 : exit.obj (.text:_abort)
                  000106e0    00000020     csl6713.lib : csl_irq.obj (.text)

.stack     0    00010700    00000400     UNINITIALIZED
                  00010700    00000008     rts6700.lib : boot.obj (.stack)
                  00010708    000003f8     --HOLE--

.const     0    00010b00    00000068     
                  00010b00    00000040     dsk6713bsl.lib : dsk6713_aic23_opencodec.obj (.const)
                  00010b40    00000020                    : dsk6713.obj (.const)
                  00010b60    00000008     rts6700.lib : divd.obj (.const:_initial_approx$1)


GLOBAL SYMBOLS: SORTED ALPHABETICALLY BY Name 

address    name
--------   ----
00000220   $bss
00000220   .bss
0000d580   .text
000106c0   C$$EXIT
00006db8   _AIC23CfgData
00006dac   _AIC_data
00006e90   _DSK6713_AIC23_codeccontrolhandle
00006e94   _DSK6713_AIC23_codecdatahandle
0000fb40   _DSK6713_AIC23_config
0000f060   _DSK6713_AIC23_openCodec
0000fb1c   _DSK6713_AIC23_rget
0000fa80   _DSK6713_AIC23_rset
000100a0   _DSK6713_AIC23_setFreq
000103c8   _DSK6713_DIP_get
000103c0   _DSK6713_DIP_init
0000e914   _DSK6713_getVersion
0000e54c   _DSK6713_init
0000e868   _DSK6713_rget
0000e87c   _DSK6713_rset
00006ea0   _DSK6713_version
0000e890   _DSK6713_wait
0000e8e8   _DSK6713_waitusec
00010480   _IRQ_enable
000105a0   _IRQ_globalDisable
000105c0   _IRQ_globalEnable
0000f5c0   _IRQ_map
000105e0   _IRQ_nmiEnable
000104c0   _IRQ_reset
00000220   _Im1
00003420   _Im2
00010160   _MCBSP_config
00010600   _MCBSP_getXmtEventId
0000fd00   _MCBSP_open
00010620   _MCBSP_read
0000f780   _MCBSP_reset
00010640   _MCBSP_rrdy
0000fe00   _MCBSP_start
00010660   _MCBSP_write
00010680   _MCBSP_xrdy
00006da4   __IRQ_dispatchTable
00006ce0   __IRQ_eventTable
000106e0   __IRQ_hookFetchPacket
00006d64   __IRQ_intTable
00006e34   __MCBSP_hDev0
00006e38   __MCBSP_hDev1
00010b00   __STACK_END
00000400   __STACK_SIZE
00000001   __TI_args_main
00006e8c   ___TI_enable_exit_profile_output
ffffffff   ___TI_pprof_out_hndl
ffffffff   ___TI_prof_data_size
ffffffff   ___TI_prof_data_start
ffffffff   ___binit__
00000220   ___bss__
ffffffff   ___c_args__
00006ea8   ___cinit__
00000220   ___end__
00010700   ___etext__
ffffffff   ___pinit__
0000d580   ___text__
00010540   __args_main
0000f920   __auto_init
00006e84   __cleanup_ptr
0000d580   __divd
00006e88   __dtors_ptr
0000ed20   __frcmpyd_div
00006e98   __lock
00010200   __mpyll
000106a0   __nop
00010700   __stack
0000ff00   __strasg
00006e9c   __unlock
000106c0   _abort
00006628   _buffer1
00006970   _buffer2
0000dd60   _c6713_dsk_init
00010340   _c_int00
0000e980   _c_int11
0000de58   _comm_intr
0000de24   _comm_poll
00006dd8   _config
0000ffe0   _copy_in
0000fbe0   _exit
00006620   _fs
00006e00   _hAIC23_handle
0000e360   _input_left_sample
0000e428   _input_right_sample
0000e25c   _input_sample
00006624   _inputsource
00010440   _main
0000f380   _memcpy
0000e09c   _output_left_sample
0000e17c   _output_right_sample
0000df84   _output_sample
00000020   _vector1
00000140   _vector10
00000180   _vector12
000001a0   _vector13
000001c0   _vector14
000001e0   _vector15
00000040   _vector2
00000060   _vector3
00000080   _vector4
000000a0   _vector5
000000c0   _vector6
000000e0   _vector7
00000100   _vector8
00000120   _vector9
00000000   _vectors
ffffffff   binit
00006ea8   cinit
00000220   end
00010700   etext
ffffffff   pinit


GLOBAL SYMBOLS: SORTED BY Symbol Address 

address    name
--------   ----
00000000   _vectors
00000001   __TI_args_main
00000020   _vector1
00000040   _vector2
00000060   _vector3
00000080   _vector4
000000a0   _vector5
000000c0   _vector6
000000e0   _vector7
00000100   _vector8
00000120   _vector9
00000140   _vector10
00000180   _vector12
000001a0   _vector13
000001c0   _vector14
000001e0   _vector15
00000220   $bss
00000220   .bss
00000220   _Im1
00000220   ___bss__
00000220   ___end__
00000220   end
00000400   __STACK_SIZE
00003420   _Im2
00006620   _fs
00006624   _inputsource
00006628   _buffer1
00006970   _buffer2
00006ce0   __IRQ_eventTable
00006d64   __IRQ_intTable
00006da4   __IRQ_dispatchTable
00006dac   _AIC_data
00006db8   _AIC23CfgData
00006dd8   _config
00006e00   _hAIC23_handle
00006e34   __MCBSP_hDev0
00006e38   __MCBSP_hDev1
00006e84   __cleanup_ptr
00006e88   __dtors_ptr
00006e8c   ___TI_enable_exit_profile_output
00006e90   _DSK6713_AIC23_codeccontrolhandle
00006e94   _DSK6713_AIC23_codecdatahandle
00006e98   __lock
00006e9c   __unlock
00006ea0   _DSK6713_version
00006ea8   ___cinit__
00006ea8   cinit
0000d580   .text
0000d580   ___text__
0000d580   __divd
0000dd60   _c6713_dsk_init
0000de24   _comm_poll
0000de58   _comm_intr
0000df84   _output_sample
0000e09c   _output_left_sample
0000e17c   _output_right_sample
0000e25c   _input_sample
0000e360   _input_left_sample
0000e428   _input_right_sample
0000e54c   _DSK6713_init
0000e868   _DSK6713_rget
0000e87c   _DSK6713_rset
0000e890   _DSK6713_wait
0000e8e8   _DSK6713_waitusec
0000e914   _DSK6713_getVersion
0000e980   _c_int11
0000ed20   __frcmpyd_div
0000f060   _DSK6713_AIC23_openCodec
0000f380   _memcpy
0000f5c0   _IRQ_map
0000f780   _MCBSP_reset
0000f920   __auto_init
0000fa80   _DSK6713_AIC23_rset
0000fb1c   _DSK6713_AIC23_rget
0000fb40   _DSK6713_AIC23_config
0000fbe0   _exit
0000fd00   _MCBSP_open
0000fe00   _MCBSP_start
0000ff00   __strasg
0000ffe0   _copy_in
000100a0   _DSK6713_AIC23_setFreq
00010160   _MCBSP_config
00010200   __mpyll
00010340   _c_int00
000103c0   _DSK6713_DIP_init
000103c8   _DSK6713_DIP_get
00010440   _main
00010480   _IRQ_enable
000104c0   _IRQ_reset
00010540   __args_main
000105a0   _IRQ_globalDisable
000105c0   _IRQ_globalEnable
000105e0   _IRQ_nmiEnable
00010600   _MCBSP_getXmtEventId
00010620   _MCBSP_read
00010640   _MCBSP_rrdy
00010660   _MCBSP_write
00010680   _MCBSP_xrdy
000106a0   __nop
000106c0   C$$EXIT
000106c0   _abort
000106e0   __IRQ_hookFetchPacket
00010700   ___etext__
00010700   __stack
00010700   etext
00010b00   __STACK_END
ffffffff   ___TI_pprof_out_hndl
ffffffff   ___TI_prof_data_size
ffffffff   ___TI_prof_data_start
ffffffff   ___binit__
ffffffff   ___c_args__
ffffffff   ___pinit__
ffffffff   binit
ffffffff   pinit

[114 symbols]
